// Jest Snapshot v1, https://goo.gl/fbAQLP

exports[`Pruebas en <FirstApp /> debe hacer match con el snapshot 1`] = `
<div>
  <h1
    data-testid="test-title"
  >
    Hola, soy chelo
  </h1>
  <p>
    0
  </p>
  <p>
    0
  </p>
  <p>
    No hay nombre
     
  </p>
</div>
`;
